// Jest Snapshot v1, https://goo.gl/fbAQLP

exports[`Toast Wrapper component test should match with the snapshot 1`] = `
<div>
  <div />
</div>
`;
