// Jest Snapshot v1, https://goo.gl/fbAQLP

exports[`_App page test should match with the snapshot 1`] = `
<div>
  <div
    class="MuiStack-root css-fe8fx7-MuiStack-root"
  >
    <div>
      Mock Component
    </div>
  </div>
</div>
`;
