// Jest Snapshot v1, https://goo.gl/fbAQLP

exports[`Reset Password Template Test should match with the snapshot 1`] = `<div />`;

exports[`Reset Password Template Test should match with the snapshot with old password 1`] = `<div />`;
