// Jest Snapshot v1, https://goo.gl/fbAQLP

exports[`SignUp Template Test should match with the snapshot 1`] = `
<div>
  <div
    class="MuiStack-root css-1edlbwa-MuiStack-root"
  />
</div>
`;
