// Jest Snapshot v1, https://goo.gl/fbAQLP

exports[`Forgot password page test should match with the snapshot 1`] = `
<div>
  <div
    class="MuiStack-root css-1edlbwa-MuiStack-root"
  >
    <div
      class="MuiStack-root css-kd7he9-MuiStack-root"
    >
      <div
        class="MuiStack-root css-kdc3n8-MuiStack-root"
      >
        <p
          class="MuiTypography-root MuiTypography-body1 css-ahj2mt-MuiTypography-root"
        >
          Already have an account?
        </p>
        <a
          class="css-9x8bsw"
          href="/auth/login"
        >
          Login
        </a>
      </div>
    </div>
  </div>
</div>
`;

exports[`Forgot password page test should match with the snapshot if OTP verified 1`] = `
<div>
  <div
    class="MuiStack-root css-1edlbwa-MuiStack-root"
  >
    <div
      class="MuiStack-root css-kd7he9-MuiStack-root"
    >
      <div
        class="MuiStack-root css-kdc3n8-MuiStack-root"
      >
        <p
          class="MuiTypography-root MuiTypography-body1 css-ahj2mt-MuiTypography-root"
        >
          Already have an account?
        </p>
        <a
          class="css-9x8bsw"
          href="/auth/login"
        >
          Login
        </a>
      </div>
    </div>
  </div>
</div>
`;

exports[`Forgot password page test should match with the snapshot if OTP verified for mobile 1`] = `
<div>
  <div
    class="MuiStack-root css-1edlbwa-MuiStack-root"
  >
    <div
      class="MuiStack-root css-1yxcwai-MuiStack-root"
    >
      <div
        class="MuiStack-root css-kdc3n8-MuiStack-root"
      >
        <p
          class="MuiTypography-root MuiTypography-body1 css-ahj2mt-MuiTypography-root"
        >
          Already have an account?
        </p>
        <a
          class="css-9x8bsw"
          href="/auth/login"
        >
          Login
        </a>
      </div>
    </div>
  </div>
</div>
`;
