// Jest Snapshot v1, https://goo.gl/fbAQLP

exports[`Login page test should match with the snapshot 1`] = `<div />`;
