// Jest Snapshot v1, https://goo.gl/fbAQLP

exports[`SignUp page test should match with the snapshot 1`] = `<div />`;
